Using 4 threads
OK
OK
OK
OK
OK
OK
OK
OK
OK
OK
OK
OK
OK
OK
OK
OK
OK
OK
OK
OK
OK
OK
OK
OK
OK
OK
OK
OK
OK
OK
OK
OK
OK
OK
OK
OK
OK
OK
OK
OK
OK
OK
OK
OK
OK
OK
OK
OK
OK
OK
OK
OK
OK
OK
OK
OK
OK
OK
OK
OK
OK
OK
OK
OK
OK
OK
OK
OK
OK
OK
OK
OK
OK
OK
OK
OK
OK
OK
OK
OK
OK
OK
OK
OK
OK
OK
OK
OK
OK
OK
OK
OK
OK
OK
OK
OK
OK
OK
OK
OK
OK
OK
OK
OK
OK
OK
OK
OK
OK
OK
OK
OK
OK
OK
OK
OK
OK
OK
OK
OK
OK
OK
OK
OK
OK
OK
OK
OK
OK
OK
OK
OK
OK
OK
OK
OK
OK
OK
OK
OK
OK
OK
OK
OK
OK
OK
OK
OK
OK
OK
OK
OK
OK
OK
OK
OK
OK
OK
OK
OK
OK
OK
OK
OK
OK
OK
OK
OK
OK
OK
OK
OK
OK
OK
OK
OK
OK
OK
OK
OK
OK
OK
OK
OK
OK
OK
OK
OK
OK
OK
OK
OK
OK
OK
OK
OK
OK
OK
OK
OK
OK
OK
OK
OK
OK
OK
OK
OK
OK
OK
OK
OK
OK
OK
OK
OK
OK
OK
OK
OK
OK
OK
OK
OK
OK
OK
OK
OK
OK
OK
OK
OK
OK
OK
OK
OK
OK
OK
OK
OK
OK
OK
OK
OK
OK
OK
OK
OK
OK
OK
OK
OK
OK
OK
OK
OK
OK
OK
OK
OK
OK
OK
OK
OK
OK
OK
OK
OK
OK
OK
OK
OK
OK
OK
OK
OK
OK
OK
OK
OK
OK
OK
OK
OK
OK
OK
OK
OK
OK
OK
OK
OK
OK
OK
OK
OK
OK
OK
OK
OK
OK
OK
OK
OK
OK
OK
OK
OK
OK
OK
OK
OK
OK
OK
OK
OK
OK
OK
OK
OK
OK
OK
OK
OK
OK
OK
OK
OK
OK
OK
OK
OK
OK
OK
OK
OK
OK
OK
OK
OK
OK
OK
OK
OK
OK
OK
OK
OK
OK
OK
OK
OK
OK
OK
OK
OK
OK
OK
OK
OK
OK
OK
OK
OK
OK
OK
OK
OK
OK
OK
OK
OK
OK
OK
OK
OK
OK
OK
OK
OK
OK
OK
OK
OK
OK
OK
OK
OK
OK
OK
OK
OK
OK
OK
OK
OK
OK
OK
OK
OK
OK
OK
OK
OK
OK
OK
OK
OK
OK
OK
OK
OK
OK
OK
OK
OK
OK
OK
OK
OK
OK
OK
OK
OK
OK
OK
OK
OK
OK
OK
OK
OK
OK
OK
OK
OK
OK
OK
OK
OK
OK
OK
OK
OK
OK
OK
OK
OK
OK
OK
OK
OK
OK
OK
OK
OK
OK
OK
OK
OK
OK
OK
OK
OK
OK
OK
OK
OK
OK
OK
OK
OK
OK
OK
OK
OK
OK
OK
OK
OK
OK
OK
OK
OK
OK
OK
OK
OK
OK
OK
OK
OK
OK
OK
OK
OK
OK
OK
OK
OK
OK
OK
OK
OK
OK
OK
OK
OK
OK
OK
OK
OK
OK
OK
OK
OK
OK
OK
OK
OK
OK
OK
OK
OK
OK
OK
OK
OK
OK
OK
OK
OK
OK
OK
OK
OK
OK
OK
OK
OK
OK
OK
OK
OK
OK
OK
OK
OK
OK
OK
OK
OK
OK
OK
OK
OK
OK
OK
OK
OK
OK
OK
OK
OK
OK
OK
OK
OK
OK
OK
OK
OK
OK
OK
OK
OK
OK
OK
OK
OK
OK
OK
OK
OK
OK
OK
OK
OK
OK
OK
OK
OK
OK
OK
OK
OK
OK
OK
OK
OK
OK
OK
OK
OK
OK
OK
OK
OK
OK
OK
OK
OK
OK
OK
OK
OK
OK
OK
OK
OK
OK
OK
OK
OK
OK
Fail
OK
key253
No 1142
OK
OK
Fail
key186
OK
OK
OK
No 375
OK
OK
OK
OK
Fail
OK
No 1152
OK
key246
OK
Fail
No 975
OK
OK
key438
OK
OK
key407
OK
OK
OK
OK
OK
No 1229
OK
OK
OK
No 436
OK
Fail
key1210
OK
OK
key914
No 171
OK
OK
key460
OK
OK
OK
OK
OK
Fail
OK
OK
OK
key54
OK
key28
OK
No 527
key550
OK
Fail
Fail
OK
OK
OK
Fail
No 498
OK
key56
Fail
OK
key152
OK
OK
No 1044
OK
OK
key197
No 1199
No 1043
Fail
OK
OK
OK
No 1039
OK
OK
OK
OK
OK
key752
No 428
Fail
OK
key153
No 750
key681
key147
OK
key1038
Fail
OK
Fail
OK
OK
OK
OK
Fail
OK
OK
OK
OK
Fail
No 1159
OK
OK
OK
OK
OK
Fail
Fail
No 151
OK
OK
OK
key35
OK
OK
Fail
OK
OK
OK
Fail
Fail
No 884
Fail
OK
OK
OK
Fail
OK
Fail
OK
OK
OK
OK
key589
OK
No 442
OK
key965
No 1127
No 504
OK
OK
OK
OK
OK
OK
No 629
No 49
Fail
OK
No 964
OK
No 785
OK
OK
OK
OK
OK
OK
No 179
OK
OK
OK
key343
OK
OK
No 85
OK
OK
No 677
OK
OK
OK
OK
OK
OK
key400
OK
key238
OK
Fail
Fail
Fail
key471
OK
OK
key699
No 289
OK
OK
No 367
Fail
OK
key488
Fail
key1042
No 795
OK
OK
OK
OK
OK
OK
No 743
No 644
key329
OK
Fail
OK
OK
No 890
No 432
OK
Fail
Fail
OK
key340
No 1041
OK
No 569
key76
No 482
Fail
OK
Fail
OK
Fail
No 1011
key1042
No 360
OK
OK
No 367
OK
OK
OK
OK
key523
Fail
OK
key511
No 81
No 59
No 690
Fail
OK
key425
OK
key246
Fail
No 117
OK
OK
Fail
Fail
No 927
OK
No 484
No 690
OK
No 376
key774
key1057
OK
OK
OK
OK
OK
No 864
key668
OK
OK
OK
key705
key358
No 62
Fail
No 1136
No 100
Fail
OK
key596
OK
key226
OK
OK
key1244
key1166
OK
Fail
OK
OK
OK
OK
OK
key302
key578
OK
Fail
key1029
OK
OK
OK
No 196
key1040
key147
key720
OK
No 301
key330
OK
Fail
key881
OK
OK
OK
Fail
OK
Fail
key1093
Fail
OK
OK
No 857
key1127
Fail
Fail
No 62
No 636
OK
Fail
OK
No 464
Fail
OK
key855
OK
OK
No 1012
OK
OK
OK
key90
OK
No 662
OK
Fail
OK
OK
OK
key729
No 860
OK
No 219
key1189
OK
key1024
OK
key105
No 141
key370
OK
OK
No 433
No 237
Fail
OK
OK
key388
Fail
OK
No 838
OK
OK
OK
OK
No 816
key270
key1034
OK
OK
OK
OK
OK
key606
OK
No 417
Fail
OK
key606
Fail
OK
OK
key1010
OK
Fail
OK
No 849
No 237
Fail
OK
key955
Fail
key559
Fail
No 217
OK
OK
key1018
No 1195
OK
No 783
OK
OK
Fail
OK
OK
OK
No 623
OK
OK
OK
OK
Fail
OK
OK
OK
No 958
OK
No 873
OK
key137
OK
No 539
No 483
Fail
OK
key357
key478
key257
No 564
key721
key729
OK
OK
Fail
Fail
No 1100
Fail
OK
OK
OK
key959
OK
key1118
No 688
OK
key525
key138
OK
Fail
OK
OK
No 574
OK
OK
Fail
OK
key1233
OK
Fail
No 657
Fail
OK
OK
key1181
Fail
key993
key358
OK
OK
Fail
key270
key699
Fail
Fail
OK
OK
OK
No 917
key589
No 569
OK
OK
key863
OK
Fail
OK
key122
key44
Fail
key673
No 1097
OK
OK
key181
OK
OK
No 1212
No 432
Fail
OK
OK
OK
key640
OK
key542
No 791
OK
key57
OK
Fail
No 115
OK
key271
OK
No 1157
OK
OK
OK
OK
key1074
No 241
key697
key451
OK
key481
key21
OK
No 537
No 1240
key54
No 280
OK
OK
key348
key325
No 1081
key16
OK
key1016
key502
key981
key1139
key546
OK
Fail
key404
key1088
OK
OK
OK
Fail
OK
OK
OK
Fail
key830
OK
Fail
OK
OK
OK
key468
OK
Fail
key271
OK
key220
No 1112
OK
Fail
key1062
key379
OK
key1227
OK
OK
key185
OK
key286
No 1154
key426
OK
OK
No 983
No 457
Fail
OK
OK
No 1009
OK
OK
OK
No 1107
OK
OK
OK
key994
key999
key1161
OK
OK
key127
key200
OK
key236
OK
OK
Fail
OK
Fail
OK
No 60
OK
OK
key318
Fail
OK
key105
key563
Fail
No 49
Fail
key1244
OK
OK
No 1211
OK
OK
No 555
OK
OK
key1184
key791
OK
OK
key1125
key205
key1114
Fail
No 1089
OK
OK
No 18
No 243
No 1168
Fail
OK
OK
key305
OK
key632
OK
Fail
OK
No 1072
No 732
key467
OK
OK
No 280
Fail
No 593
OK
key324
OK
Fail
Fail
key126
OK
OK
key343
key236
Fail
Fail
key253
OK
OK
OK
Fail
key543
OK
OK
No 574
Fail
OK
key314
OK
OK
OK
key963
key679
Fail
Fail
OK
OK
Fail
OK
OK
Fail
OK
OK
OK
OK
OK
key877
OK
key1012
OK
OK
No 775
No 838
OK
OK
No 419
No 710
OK
No 482
OK
OK
No 294
OK
key1017
Fail
OK
OK
OK
No 346
OK
OK
OK
No 235
OK
OK
OK
OK
key1137
OK
No 691
key153
OK
No 193
key73
No 78
Fail
OK
Fail
No 925
key541
OK
key460
key268
No 967
OK
OK
OK
OK
Fail
OK
key586
OK
Fail
OK
OK
OK
OK
OK
OK
key713
Fail
OK
OK
OK
OK
OK
Fail
OK
key55
No 840
No 108
OK
OK
key630
Fail
OK
OK
No 1154
No 1071
key161
key883
OK
key935
OK
Fail
key1039
OK
OK
OK
OK
OK
OK
OK
Fail
key573
No 104
key601
OK
OK
OK
Fail
OK
No 1055
OK
OK
OK
OK
OK
No 500
key368
Fail
key253
OK
OK
OK
OK
OK
OK
OK
OK
No 735
key256
Fail
Fail
OK
OK
key945
OK
No 889
OK
key449
Fail
OK
Fail
OK
OK
OK
OK
OK
OK
OK
No 1120
OK
No 967
key226
OK
OK
key513
Fail
No 177
OK
key596
OK
key231
OK
No 865
OK
OK
OK
OK
Fail
No 60
OK
OK
OK
OK
OK
OK
Fail
OK
OK
key286
No 455
OK
key270
key1018
Fail
key461
OK
OK
key92
OK
key32
Fail
OK
key196
OK
Fail
OK
No 1129
No 1071
OK
OK
OK
OK
OK
No 770
key1234
No 422
OK
No 677
OK
OK
key484
No 790
OK
No 1033
OK
OK
OK
OK
Fail
Fail
Fail
key72
Fail
OK
OK
OK
OK
OK
OK
OK
OK
Fail
Fail
OK
Fail
OK
Fail
OK
OK
OK
OK
OK
Fail
Fail
Fail
OK
OK
OK
OK
OK
OK
OK
OK
OK
Fail
OK
OK
Fail
OK
Fail
OK
OK
Fail
OK
OK
OK
OK
OK
OK
OK
OK
Fail
Fail
OK
OK
OK
Fail
Fail
OK
OK
OK
OK
OK
OK
OK
OK
OK
OK
OK
OK
OK
OK
OK
OK
OK
OK
OK
OK
Fail
OK
OK
OK
OK
Fail
OK
OK
OK
OK
OK
OK
Fail
OK
OK
OK
OK
OK
Fail
OK
OK
OK
Fail
OK
OK
OK
Fail
OK
OK
OK
Fail
Fail
OK
Fail
OK
OK
Fail
OK
OK
Fail
OK
OK
OK
OK
OK
Fail
OK
OK
OK
Fail
OK
OK
OK
OK
Fail
OK
OK
OK
OK
OK
OK
OK
OK
OK
OK
Fail
OK
OK
OK
OK
OK
OK
OK
Fail
Fail
OK
OK
OK
OK
OK
OK
OK
OK
OK
Fail
OK
OK
OK
OK
Fail
OK
Fail
Fail
Fail
OK
OK
OK
OK
OK
OK
OK
OK
OK
OK
OK
Fail
OK
OK
OK
OK
OK
OK
Fail
OK
OK
OK
OK
OK
OK
OK
OK
OK
OK
OK
OK
OK
Fail
OK
OK
Fail
OK
OK
OK
OK
Fail
OK
OK
Fail
OK
OK
OK
OK
OK
OK
OK
OK
OK
OK
Fail
OK
OK
Fail
OK
OK
OK
OK
OK
OK
OK
OK
OK
OK
OK
OK
OK
OK
OK
OK
OK
OK
OK
OK
OK
OK
OK
OK
OK
OK
OK
OK
OK
OK
OK
OK
OK
OK
OK
OK
OK
OK
OK
OK
OK
OK
OK
OK
OK
OK
OK
OK
OK
OK
OK
OK
OK
OK
OK
OK
OK
OK
OK
OK
OK
OK
OK
OK
OK
OK
OK
OK
OK
OK
OK
OK
OK
OK
OK
OK
OK
OK
OK
OK
OK
OK
OK
OK
OK
OK
OK
OK
OK
OK
OK
OK
OK
OK
OK
OK
OK
OK
OK
OK
OK
OK
OK
OK
OK
OK
OK
OK
OK
OK
OK
OK
OK
OK
OK
OK
OK
OK
OK
OK
OK
OK
OK
OK
OK
OK
OK
OK
OK
OK
OK
OK
OK
OK
OK
OK
OK
OK
OK
OK
OK
OK
OK
OK
OK
OK
OK
OK
OK
OK
OK
OK
OK
OK
OK
OK
OK
OK
OK
OK
OK
OK
OK
OK
OK
OK
OK
OK
OK
OK
OK
OK
OK
OK
OK
OK
OK
OK
OK
OK
OK
OK
OK
OK
OK
OK
OK
OK
OK
OK
OK
OK
OK
OK
OK
OK
OK
OK
OK
OK
OK
OK
OK
OK
OK
OK
OK
OK
OK
OK
OK
OK
OK
