Using 1 threads
OK
OK
OK
OK
OK
Fail
key6
OK
key2
OK
OK
OK
Fail
Fail
No 9
key1
OK
OK
key2
OK
OK
