Using 1 threads
OK
OK
OK
OK
OK
OK
OK
OK
OK
OK
OK
OK
OK
OK
OK
OK
OK
OK
OK
OK
OK
OK
OK
OK
OK
OK
OK
OK
OK
OK
OK
OK
OK
OK
OK
OK
OK
OK
OK
OK
OK
OK
OK
OK
OK
OK
OK
OK
OK
OK
OK
OK
OK
OK
OK
OK
OK
OK
OK
OK
OK
OK
OK
OK
OK
OK
OK
OK
OK
OK
OK
OK
OK
OK
OK
OK
OK
OK
OK
OK
OK
OK
OK
OK
OK
OK
OK
OK
OK
OK
OK
OK
OK
OK
OK
OK
OK
OK
OK
OK
OK
OK
OK
OK
OK
OK
OK
OK
OK
OK
OK
OK
OK
OK
OK
OK
OK
OK
OK
OK
OK
OK
OK
OK
OK
OK
OK
OK
OK
OK
OK
OK
OK
OK
OK
OK
OK
OK
OK
OK
OK
OK
OK
OK
OK
OK
OK
OK
OK
OK
OK
OK
OK
OK
OK
OK
OK
OK
OK
OK
OK
OK
OK
OK
OK
OK
OK
OK
OK
OK
OK
OK
OK
OK
OK
OK
OK
OK
OK
OK
OK
OK
OK
OK
OK
OK
OK
OK
OK
OK
OK
OK
OK
OK
OK
OK
OK
OK
OK
OK
OK
OK
OK
OK
OK
OK
OK
OK
OK
OK
OK
OK
OK
OK
OK
OK
OK
OK
OK
OK
OK
OK
OK
OK
OK
OK
OK
OK
OK
OK
OK
OK
OK
OK
OK
OK
OK
OK
OK
OK
OK
OK
OK
OK
OK
OK
OK
OK
OK
OK
OK
OK
OK
OK
OK
OK
OK
OK
OK
OK
OK
OK
OK
OK
OK
OK
OK
OK
OK
OK
OK
OK
OK
OK
OK
OK
OK
OK
OK
OK
OK
OK
OK
OK
OK
OK
OK
OK
OK
OK
OK
OK
OK
OK
OK
OK
OK
OK
OK
OK
OK
OK
OK
OK
OK
OK
OK
OK
OK
OK
OK
OK
OK
OK
OK
OK
OK
OK
OK
OK
OK
OK
OK
OK
OK
OK
OK
OK
OK
OK
OK
OK
OK
OK
OK
OK
OK
OK
OK
OK
OK
OK
OK
OK
OK
OK
OK
OK
OK
OK
OK
OK
OK
OK
OK
OK
OK
OK
OK
OK
OK
OK
OK
OK
OK
OK
OK
OK
OK
OK
OK
OK
OK
OK
OK
OK
OK
OK
OK
OK
OK
OK
OK
OK
OK
OK
OK
OK
OK
OK
OK
OK
OK
OK
OK
OK
OK
OK
OK
OK
OK
OK
OK
OK
OK
OK
OK
OK
OK
OK
OK
OK
OK
OK
OK
OK
OK
OK
OK
OK
OK
OK
OK
OK
OK
OK
OK
OK
OK
OK
OK
OK
OK
OK
OK
OK
OK
OK
OK
OK
OK
OK
OK
OK
OK
OK
OK
OK
OK
OK
OK
OK
OK
OK
OK
OK
OK
OK
OK
OK
OK
OK
OK
OK
OK
OK
OK
OK
OK
OK
OK
OK
OK
OK
OK
OK
OK
OK
OK
OK
OK
OK
OK
OK
OK
OK
OK
OK
OK
OK
OK
OK
OK
OK
OK
OK
OK
OK
OK
OK
OK
OK
OK
OK
OK
OK
OK
OK
OK
OK
OK
OK
OK
OK
OK
OK
OK
OK
OK
OK
OK
OK
OK
OK
OK
OK
OK
OK
OK
OK
OK
OK
OK
OK
OK
OK
OK
OK
OK
OK
OK
OK
OK
OK
OK
OK
OK
OK
OK
OK
OK
OK
OK
OK
OK
OK
OK
OK
OK
OK
OK
OK
OK
OK
OK
OK
OK
OK
OK
OK
OK
OK
OK
OK
OK
OK
OK
OK
OK
OK
OK
OK
OK
OK
OK
OK
OK
OK
OK
OK
OK
OK
OK
OK
OK
OK
OK
OK
OK
OK
OK
OK
OK
OK
OK
OK
OK
OK
OK
OK
OK
OK
OK
OK
OK
OK
OK
OK
OK
OK
OK
OK
OK
OK
OK
OK
OK
OK
OK
OK
OK
OK
OK
OK
OK
OK
OK
OK
OK
OK
OK
OK
OK
OK
OK
OK
OK
OK
OK
OK
OK
OK
OK
OK
OK
OK
OK
OK
OK
OK
OK
OK
OK
OK
OK
OK
OK
OK
OK
OK
OK
OK
OK
OK
OK
OK
OK
OK
OK
OK
OK
OK
OK
OK
OK
OK
OK
OK
OK
OK
OK
OK
OK
OK
OK
OK
OK
OK
OK
OK
OK
OK
OK
OK
OK
OK
OK
OK
OK
OK
OK
OK
OK
OK
OK
OK
OK
OK
OK
OK
OK
OK
OK
OK
OK
OK
OK
OK
OK
OK
OK
OK
OK
OK
OK
OK
OK
OK
OK
OK
OK
OK
OK
OK
OK
OK
OK
OK
OK
OK
OK
OK
OK
OK
OK
OK
OK
OK
OK
OK
OK
OK
OK
OK
OK
OK
OK
OK
OK
OK
OK
OK
OK
OK
OK
OK
OK
OK
OK
OK
OK
OK
OK
OK
OK
OK
OK
OK
OK
OK
OK
OK
OK
OK
OK
OK
OK
OK
OK
OK
OK
OK
OK
OK
OK
OK
OK
OK
OK
OK
OK
OK
OK
OK
OK
OK
OK
OK
OK
OK
OK
OK
OK
OK
OK
OK
OK
OK
OK
OK
OK
OK
OK
OK
OK
OK
OK
OK
OK
OK
OK
OK
OK
OK
OK
OK
OK
OK
OK
OK
OK
OK
OK
OK
OK
OK
OK
OK
OK
OK
OK
OK
OK
OK
OK
OK
OK
OK
OK
OK
OK
OK
OK
OK
OK
OK
OK
OK
OK
OK
OK
OK
OK
OK
OK
OK
OK
OK
OK
OK
OK
OK
OK
OK
OK
OK
OK
OK
OK
OK
OK
OK
OK
OK
OK
OK
OK
OK
OK
OK
OK
OK
OK
OK
OK
OK
OK
OK
OK
OK
OK
OK
OK
OK
OK
OK
OK
OK
OK
OK
OK
OK
OK
OK
OK
OK
OK
OK
OK
OK
OK
OK
OK
OK
OK
OK
OK
OK
OK
OK
OK
OK
OK
OK
OK
OK
OK
OK
OK
OK
OK
OK
OK
OK
OK
OK
OK
OK
OK
OK
OK
OK
OK
OK
OK
OK
OK
OK
OK
OK
OK
OK
OK
OK
OK
OK
OK
OK
OK
OK
OK
OK
OK
OK
OK
OK
OK
OK
OK
OK
OK
key261
OK
OK
OK
OK
OK
OK
Fail
OK
No 42
OK
OK
OK
OK
Fail
OK
OK
OK
OK
OK
Fail
No 360
OK
key1117
OK
No 23
key761
No 81
OK
OK
OK
OK
Fail
OK
No 309
key1190
Fail
OK
No 1425
OK
key996
OK
OK
OK
OK
OK
OK
No 367
Fail
OK
OK
No 677
OK
OK
key234
OK
Fail
No 690
OK
OK
OK
Fail
Fail
Fail
No 1626
OK
No 524
OK
OK
Fail
OK
No 57
Fail
OK
No 1614
No 1168
OK
OK
No 205
OK
OK
key358
OK
No 312
No 1386
Fail
OK
OK
Fail
OK
OK
No 1100
key346
No 726
Fail
OK
Fail
OK
key994
key916
Fail
OK
Fail
OK
key552
No 1578
OK
No 1529
key946
key290
Fail
Fail
Fail
OK
Fail
key647
No 970
No 1051
OK
OK
key1080
OK
OK
OK
OK
key1631
OK
Fail
key593
key857
No 627
No 1312
OK
OK
key1886
OK
key1214
OK
No 355
OK
OK
OK
OK
key1512
Fail
key90
key412
OK
No 1479
key1610
No 969
OK
OK
OK
OK
OK
No 189
key274
OK
OK
OK
No 355
No 1641
No 620
Fail
No 1433
key987
OK
OK
No 1888
OK
key338
OK
OK
key566
No 1770
OK
OK
Fail
OK
OK
Fail
OK
key1284
No 856
Fail
OK
key417
OK
OK
OK
No 606
key260
key1849
No 237
OK
No 1205
No 1059
OK
OK
key1217
OK
OK
Fail
OK
OK
OK
No 518
OK
OK
OK
key945
key783
OK
OK
No 873
key458
OK
Fail
Fail
No 873
OK
OK
No 1637
OK
OK
key289
Fail
OK
OK
No 483
OK
key607
OK
OK
OK
OK
OK
key478
key757
OK
key1314
key471
OK
No 1729
Fail
No 1100
key1459
No 1618
OK
OK
key1438
key25
Fail
OK
OK
key1388
Fail
OK
No 1074
OK
OK
OK
OK
No 1233
No 157
No 1681
OK
OK
Fail
OK
Fail
key1493
OK
key358
OK
Fail
No 270
OK
OK
OK
key699
OK
Fail
OK
No 1417
key1839
OK
Fail
No 1569
OK
key363
Fail
key622
OK
OK
No 794
key1173
OK
No 1847
Fail
OK
OK
OK
OK
OK
key431
OK
OK
OK
Fail
OK
OK
OK
OK
key1462
OK
No 682
Fail
No 1390
OK
No 292
key1791
Fail
OK
key1057
No 1115
No 1521
No 157
key574
key1491
OK
Fail
OK
Fail
No 1947
Fail
OK
OK
OK
key951
OK
key1231
No 1021
OK
No 537
No 1740
OK
Fail
Fail
OK
No 1054
OK
OK
Fail
Fail
key30
OK
OK
No 98
Fail
OK
OK
No 1325
OK
No 1081
key1516
OK
OK
OK
key1516
key1002
Fail
OK
OK
Fail
OK
key231
No 139
No 1796
OK
Fail
No 1404
OK
Fail
OK
key338
key580
Fail
No 1218
key1021
OK
OK
key1970
OK
OK
key1862
No 812
OK
OK
OK
Fail
key1379
OK
No 977
key685
OK
key1536
OK
OK
No 1904
Fail
key176
OK
No 1483
OK
OK
OK
OK
key1207
No 1759
key857
key1744
OK
key1499
key1911
OK
key127
No 1950
key1236
key1560
OK
OK
key1818
key1105
key563
key49
OK
key1244
key711
key1805
key1934
No 1291
Fail
OK
No 1375
key955
Fail
OK
OK
OK
OK
OK
OK
OK
No 1614
OK
Fail
OK
OK
OK
No 1589
Fail
Fail
No 1768
OK
key993
No 918
OK
Fail
No 805
key882
OK
No 822
OK
OK
key982
Fail
No 717
key30
No 1093
Fail
OK
key1574
No 126
Fail
OK
OK
key593
OK
OK
Fail
No 1486
OK
OK
OK
key253
key543
No 1074
OK
OK
key1814
key713
Fail
key179
OK
OK
Fail
OK
Fail
OK
key377
OK
Fail
No 762
OK
OK
key1775
No 1088
OK
No 919
OK
key1710
OK
OK
key732
OK
OK
No 294
OK
OK
key1017
key346
OK
OK
key235
No 1137
No 1691
OK
No 1153
OK
OK
key1943
key573
key328
Fail
OK
OK
No 925
OK
No 1291
Fail
OK
OK
key710
No 18
key1217
OK
OK
No 836
Fail
key963
Fail
key1055
OK
OK
OK
key1090
OK
OK
key1858
key130
Fail
OK
key904
OK
OK
OK
Fail
No 571
OK
OK
key661
Fail
OK
No 1633
Fail
OK
OK
No 1685
key789
Fail
Fail
OK
OK
OK
OK
OK
OK
OK
OK
OK
OK
OK
key1073
OK
key604
OK
OK
key851
key1805
OK
OK
key1250
No 1868
OK
key503
OK
OK
key1485
OK
key1006
Fail
OK
OK
OK
key195
OK
OK
OK
key639
Fail
OK
OK
OK
key949
OK
key1120
key967
Fail
No 226
key763
No 1677
OK
OK
Fail
No 596
key1981
OK
No 865
key1560
No 1036
OK
OK
OK
Fail
Fail
OK
No 1955
Fail
Fail
OK
OK
Fail
OK
OK
OK
No 1770
Fail
OK
OK
OK
OK
Fail
Fail
OK
No 1518
No 1211
key342
OK
OK
No 532
OK
OK
Fail
key1196
No 379
No 1321
No 270
OK
key984
Fail
Fail
No 172
OK
OK
OK
Fail
OK
Fail
Fail
OK
key427
key234
key40
Fail
OK
OK
OK
OK
No 1283
OK
OK
OK
OK
OK
key72
No 1398
Fail
key1830
OK
OK
OK
OK
OK
Fail
OK
OK
No 1063
No 347
Fail
OK
OK
OK
No 950
OK
key30
OK
key573
Fail
OK
Fail
Fail
Fail
OK
OK
OK
OK
OK
key1714
OK
No 59
key1522
OK
OK
key47
OK
No 924
OK
key1082
Fail
No 1435
OK
key1232
OK
OK
OK
OK
Fail
No 1204
OK
OK
Fail
OK
Fail
OK
OK
OK
Fail
No 954
No 443
OK
key1898
key1486
OK
key1640
OK
OK
key278
OK
key1159
OK
OK
key262
Fail
OK
OK
No 1262
key1683
OK
OK
OK
OK
OK
key1041
No 1848
key1723
Fail
No 324
Fail
OK
No 272
key1122
OK
No 154
OK
OK
OK
OK
OK
OK
OK
key1335
Fail
Fail
OK
OK
key1821
OK
Fail
key1457
OK
key1365
OK
No 747
key1171
No 1776
key269
OK
No 1218
Fail
Fail
Fail
OK
key701
OK
key1703
key653
OK
OK
OK
OK
No 1933
Fail
No 907
OK
OK
OK
Fail
key1959
OK
OK
OK
No 728
OK
OK
No 806
OK
OK
OK
OK
No 1797
OK
OK
Fail
Fail
OK
OK
No 720
Fail
No 1084
OK
key1308
No 1334
OK
key698
OK
OK
OK
OK
OK
OK
Fail
key991
No 376
OK
Fail
key898
No 715
key1052
key1171
No 189
No 1559
No 506
No 10
Fail
OK
key1016
key224
key1109
OK
No 539
OK
No 0
key1378
OK
OK
Fail
key109
OK
OK
Fail
No 1053
Fail
OK
OK
Fail
No 1081
OK
Fail
OK
OK
OK
OK
OK
OK
No 1114
OK
OK
key1338
OK
Fail
key1989
OK
OK
No 1426
No 67
OK
OK
OK
Fail
key1147
OK
OK
OK
No 1223
OK
OK
Fail
OK
Fail
key787
Fail
OK
Fail
key231
OK
Fail
OK
OK
OK
OK
No 532
OK
key122
OK
OK
No 1281
Fail
OK
key1875
key850
Fail
OK
OK
OK
OK
Fail
key179
key590
key254
key1350
No 1131
key1813
OK
OK
Fail
OK
OK
No 1857
Fail
No 1494
OK
Fail
OK
No 1181
OK
Fail
key81
OK
OK
key603
OK
OK
OK
No 1720
OK
Fail
OK
OK
OK
Fail
OK
Fail
Fail
OK
OK
OK
No 433
OK
OK
Fail
Fail
OK
No 1982
key181
OK
OK
OK
OK
OK
OK
No 1487
OK
OK
OK
OK
No 1415
OK
OK
OK
key1296
key825
OK
OK
OK
No 1404
OK
OK
Fail
No 722
Fail
key892
OK
OK
No 551
No 297
OK
key32
OK
OK
No 1134
OK
OK
OK
OK
OK
OK
OK
OK
Fail
OK
No 1181
OK
No 506
OK
OK
OK
key415
OK
OK
OK
Fail
OK
key1057
OK
No 1708
OK
key595
key1999
key1962
OK
No 297
Fail
No 1483
OK
No 1776
OK
No 154
No 977
OK
Fail
OK
OK
OK
OK
Fail
key1309
Fail
OK
Fail
OK
No 587
Fail
OK
OK
OK
OK
OK
Fail
OK
OK
Fail
OK
OK
OK
OK
OK
OK
OK
Fail
OK
Fail
OK
OK
OK
Fail
OK
Fail
Fail
OK
OK
Fail
OK
OK
OK
OK
OK
OK
OK
OK
Fail
OK
OK
OK
OK
OK
OK
OK
Fail
OK
OK
OK
OK
Fail
OK
OK
OK
OK
OK
OK
OK
OK
OK
OK
Fail
Fail
OK
Fail
OK
OK
OK
OK
OK
OK
OK
OK
OK
Fail
OK
OK
OK
OK
OK
OK
Fail
OK
OK
Fail
Fail
OK
OK
OK
OK
OK
OK
Fail
OK
OK
OK
OK
OK
OK
OK
OK
Fail
OK
OK
OK
Fail
Fail
OK
OK
OK
OK
OK
OK
OK
OK
OK
OK
OK
OK
Fail
Fail
OK
OK
OK
OK
OK
Fail
OK
OK
OK
OK
OK
Fail
OK
OK
OK
OK
OK
OK
OK
OK
OK
OK
OK
OK
OK
OK
OK
OK
OK
OK
OK
Fail
Fail
OK
OK
Fail
OK
OK
OK
OK
OK
OK
OK
OK
OK
OK
OK
OK
Fail
OK
OK
Fail
OK
OK
OK
Fail
OK
OK
OK
OK
OK
OK
Fail
OK
Fail
OK
OK
OK
OK
OK
OK
Fail
OK
OK
OK
Fail
OK
OK
OK
OK
OK
OK
OK
OK
OK
OK
OK
OK
OK
OK
Fail
OK
Fail
OK
OK
OK
Fail
OK
OK
OK
OK
OK
OK
OK
Fail
OK
Fail
OK
OK
OK
OK
OK
Fail
OK
OK
OK
OK
OK
OK
OK
Fail
OK
OK
OK
OK
Fail
OK
OK
OK
OK
OK
OK
OK
OK
OK
OK
OK
OK
OK
OK
OK
OK
OK
OK
OK
OK
OK
OK
OK
OK
OK
OK
OK
OK
OK
OK
OK
OK
OK
OK
OK
OK
OK
OK
OK
OK
OK
OK
OK
OK
OK
OK
OK
OK
OK
OK
OK
OK
OK
OK
OK
OK
OK
OK
OK
OK
OK
OK
OK
OK
OK
OK
OK
OK
OK
OK
OK
OK
OK
OK
OK
OK
OK
OK
OK
OK
OK
OK
OK
OK
OK
OK
OK
OK
OK
OK
OK
OK
OK
OK
OK
OK
OK
OK
OK
OK
OK
OK
OK
OK
OK
OK
OK
OK
OK
OK
OK
OK
OK
OK
OK
OK
OK
OK
OK
OK
OK
OK
OK
OK
OK
OK
OK
OK
OK
OK
OK
OK
OK
OK
OK
OK
OK
OK
OK
OK
OK
OK
OK
OK
OK
OK
OK
OK
OK
OK
OK
OK
OK
OK
OK
OK
OK
OK
OK
OK
OK
OK
OK
OK
OK
OK
OK
OK
OK
OK
OK
OK
OK
OK
OK
OK
OK
OK
OK
OK
OK
OK
OK
OK
OK
OK
OK
OK
OK
OK
OK
OK
OK
OK
OK
OK
OK
OK
OK
OK
OK
OK
OK
OK
OK
OK
OK
OK
OK
OK
OK
OK
OK
OK
OK
OK
OK
OK
OK
OK
OK
OK
OK
OK
OK
OK
OK
OK
OK
OK
OK
OK
OK
OK
OK
OK
OK
OK
OK
OK
OK
OK
OK
OK
OK
OK
OK
OK
OK
OK
OK
OK
OK
OK
OK
OK
OK
OK
OK
OK
OK
OK
OK
OK
OK
OK
OK
OK
OK
OK
OK
OK
OK
OK
OK
OK
OK
OK
OK
OK
OK
OK
OK
OK
OK
OK
OK
OK
OK
OK
OK
OK
OK
OK
OK
OK
OK
OK
OK
OK
OK
OK
OK
OK
OK
OK
OK
OK
OK
OK
OK
OK
OK
OK
OK
OK
OK
OK
OK
OK
OK
OK
OK
OK
OK
OK
OK
OK
OK
OK
OK
OK
OK
OK
OK
OK
OK
OK
OK
OK
OK
OK
OK
OK
OK
OK
OK
OK
OK
OK
OK
OK
OK
OK
OK
OK
OK
OK
OK
OK
OK
OK
OK
OK
OK
OK
OK
OK
OK
OK
OK
OK
OK
OK
OK
OK
OK
OK
OK
OK
OK
OK
OK
OK
OK
OK
OK
OK
OK
OK
OK
OK
OK
OK
OK
OK
OK
OK
OK
OK
OK
OK
OK
OK
OK
OK
OK
OK
OK
OK
OK
OK
OK
OK
OK
OK
OK
OK
OK
OK
OK
OK
OK
OK
OK
OK
OK
OK
OK
OK
OK
OK
OK
OK
OK
OK
OK
OK
OK
OK
OK
OK
OK
OK
OK
OK
OK
OK
OK
OK
OK
OK
OK
OK
OK
OK
OK
OK
OK
OK
OK
OK
OK
OK
OK
OK
OK
OK
OK
OK
OK
OK
OK
OK
OK
OK
OK
OK
OK
OK
OK
OK
OK
OK
OK
OK
OK
OK
OK
OK
OK
OK
OK
OK
OK
OK
OK
OK
OK
OK
OK
OK
OK
OK
OK
OK
OK
OK
OK
OK
OK
OK
OK
OK
OK
OK
OK
OK
OK
OK
OK
OK
OK
OK
OK
OK
OK
OK
